  Determining projects to restore...
  All projects are up-to-date for restore.
  ZykeMark.Core -> /home/runner/work/ZykeMark/ZykeMark/src/ZykeMark.Core/bin/Debug/net8.0/ZykeMark.Core.dll
  ZykeMark.Infrastructure -> /home/runner/work/ZykeMark/ZykeMark/src/ZykeMark.Infrastructure/bin/Debug/net8.0/ZykeMark.Infrastructure.dll
  ZykeMark.App.Cli -> /home/runner/work/ZykeMark/ZykeMark/src/ZykeMark.App.Cli/bin/Debug/net8.0/ZykeMark.App.Cli.dll
  ZykeMark.Core.Tests -> /home/runner/work/ZykeMark/ZykeMark/tests/ZykeMark.Core.Tests/bin/Debug/net8.0/ZykeMark.Core.Tests.dll
Test run for /home/runner/work/ZykeMark/ZykeMark/tests/ZykeMark.Core.Tests/bin/Debug/net8.0/ZykeMark.Core.Tests.dll (.NETCoreApp,Version=v8.0)
VSTest version 18.0.1 (x64)

Starting test execution, please wait...
A total of 1 test files matched the specified pattern.
No test matches the given testcase filter `ClassName=ZykeMark.Core.Tests.PresentMonRunnerTests` in /home/runner/work/ZykeMark/ZykeMark/tests/ZykeMark.Core.Tests/bin/Debug/net8.0/ZykeMark.Core.Tests.dll

